DELETE /api/iot/*/{id} -> 401 {"code":"general.permission","detail":"token unauthorized","error":"token unauthorized","instance":"8dc3a9ca-8ac7-4b8e-9bfa-3c17760d92c0","status":"error","title":"Unauthorized","type":"https://moto-app.de/help/fehlermeldungen#anleitung-zugriff-pruefen"}
DELETE /api/iot/staff/{staffId}/rfid -> 401 {"code":"general.permission","detail":"device API key is required","error":"device API key is required","instance":"8dc3a9ca-8ac7-4b8e-9bfa-3c17760d92c0","status":"error","title":"Unauthorized","type":"https://moto-app.de/help/fehlermeldungen#anleitung-zugriff-pruefen"}
GET /api/iot/*/ -> 401 {"code":"general.permission","detail":"token unauthorized","error":"token unauthorized","instance":"8dc3a9ca-8ac7-4b8e-9bfa-3c17760d92c0","status":"error","title":"Unauthorized","type":"https://moto-app.de/help/fehlermeldungen#anleitung-zugriff-pruefen"}
GET /api/iot/*/active -> 401 {"code":"general.permission","detail":"token unauthorized","error":"token unauthorized","instance":"8dc3a9ca-8ac7-4b8e-9bfa-3c17760d92c0","status":"error","title":"Unauthorized","type":"https://moto-app.de/help/fehlermeldungen#anleitung-zugriff-pruefen"}
GET /api/iot/*/device/{deviceId} -> 401 {"code":"general.permission","detail":"token unauthorized","error":"token unauthorized","instance":"8dc3a9ca-8ac7-4b8e-9bfa-3c17760d92c0","status":"error","title":"Unauthorized","type":"https://moto-app.de/help/fehlermeldungen#anleitung-zugriff-pruefen"}
GET /api/iot/*/maintenance -> 401 {"code":"general.permission","detail":"token unauthorized","error":"token unauthorized","instance":"8dc3a9ca-8ac7-4b8e-9bfa-3c17760d92c0","status":"error","title":"Unauthorized","type":"https://moto-app.de/help/fehlermeldungen#anleitung-zugriff-pruefen"}
GET /api/iot/*/offline -> 401 {"code":"general.permission","detail":"token unauthorized","error":"token unauthorized","instance":"8dc3a9ca-8ac7-4b8e-9bfa-3c17760d92c0","status":"error","title":"Unauthorized","type":"https://moto-app.de/help/fehlermeldungen#anleitung-zugriff-pruefen"}
GET /api/iot/*/registered-by/{personId} -> 401 {"code":"general.permission","detail":"token unauthorized","error":"token unauthorized","instance":"8dc3a9ca-8ac7-4b8e-9bfa-3c17760d92c0","status":"error","title":"Unauthorized","type":"https://moto-app.de/help/fehlermeldungen#anleitung-zugriff-pruefen"}
GET /api/iot/*/statistics -> 401 {"code":"general.permission","detail":"token unauthorized","error":"token unauthorized","instance":"8dc3a9ca-8ac7-4b8e-9bfa-3c17760d92c0","status":"error","title":"Unauthorized","type":"https://moto-app.de/help/fehlermeldungen#anleitung-zugriff-pruefen"}
GET /api/iot/*/status/{status} -> 401 {"code":"general.permission","detail":"token unauthorized","error":"token unauthorized","instance":"8dc3a9ca-8ac7-4b8e-9bfa-3c17760d92c0","status":"error","title":"Unauthorized","type":"https://moto-app.de/help/fehlermeldungen#anleitung-zugriff-pruefen"}
GET /api/iot/*/type/{type} -> 401 {"code":"general.permission","detail":"token unauthorized","error":"token unauthorized","instance":"8dc3a9ca-8ac7-4b8e-9bfa-3c17760d92c0","status":"error","title":"Unauthorized","type":"https://moto-app.de/help/fehlermeldungen#anleitung-zugriff-pruefen"}
GET /api/iot/*/{id} -> 401 {"code":"general.permission","detail":"token unauthorized","error":"token unauthorized","instance":"8dc3a9ca-8ac7-4b8e-9bfa-3c17760d92c0","status":"error","title":"Unauthorized","type":"https://moto-app.de/help/fehlermeldungen#anleitung-zugriff-pruefen"}
GET /api/iot/activities -> 401 {"code":"general.permission","detail":"device API key is required","error":"device API key is required","instance":"8dc3a9ca-8ac7-4b8e-9bfa-3c17760d92c0","status":"error","title":"Unauthorized","type":"https://moto-app.de/help/fehlermeldungen#anleitung-zugriff-pruefen"}
GET /api/iot/attendance/status/{rfid} -> 401 {"code":"general.permission","detail":"device API key is required","error":"device API key is required","instance":"8dc3a9ca-8ac7-4b8e-9bfa-3c17760d92c0","status":"error","title":"Unauthorized","type":"https://moto-app.de/help/fehlermeldungen#anleitung-zugriff-pruefen"}
GET /api/iot/config -> 401 {"code":"general.permission","detail":"device API key is required","error":"device API key is required","instance":"8dc3a9ca-8ac7-4b8e-9bfa-3c17760d92c0","status":"error","title":"Unauthorized","type":"https://moto-app.de/help/fehlermeldungen#anleitung-zugriff-pruefen"}
GET /api/iot/rfid/{tagId} -> 401 {"code":"general.permission","detail":"device API key is required","error":"device API key is required","instance":"8dc3a9ca-8ac7-4b8e-9bfa-3c17760d92c0","status":"error","title":"Unauthorized","type":"https://moto-app.de/help/fehlermeldungen#anleitung-zugriff-pruefen"}
GET /api/iot/rooms/available -> 401 {"code":"general.permission","detail":"device API key is required","error":"device API key is required","instance":"8dc3a9ca-8ac7-4b8e-9bfa-3c17760d92c0","status":"error","title":"Unauthorized","type":"https://moto-app.de/help/fehlermeldungen#anleitung-zugriff-pruefen"}
GET /api/iot/school-name -> 401 {"code":"general.permission","detail":"device API key is required","error":"device API key is required","instance":"8dc3a9ca-8ac7-4b8e-9bfa-3c17760d92c0","status":"error","title":"Unauthorized","type":"https://moto-app.de/help/fehlermeldungen#anleitung-zugriff-pruefen"}
GET /api/iot/session/current -> 401 {"code":"general.permission","detail":"device API key is required","error":"device API key is required","instance":"8dc3a9ca-8ac7-4b8e-9bfa-3c17760d92c0","status":"error","title":"Unauthorized","type":"https://moto-app.de/help/fehlermeldungen#anleitung-zugriff-pruefen"}
GET /api/iot/session/timeout-info -> 401 {"code":"general.permission","detail":"device API key is required","error":"device API key is required","instance":"8dc3a9ca-8ac7-4b8e-9bfa-3c17760d92c0","status":"error","title":"Unauthorized","type":"https://moto-app.de/help/fehlermeldungen#anleitung-zugriff-pruefen"}
GET /api/iot/status -> 401 {"code":"general.permission","detail":"device API key is required","error":"device API key is required","instance":"8dc3a9ca-8ac7-4b8e-9bfa-3c17760d92c0","status":"error","title":"Unauthorized","type":"https://moto-app.de/help/fehlermeldungen#anleitung-zugriff-pruefen"}
GET /api/iot/students -> 401 {"code":"general.permission","detail":"device API key is required","error":"device API key is required","instance":"8dc3a9ca-8ac7-4b8e-9bfa-3c17760d92c0","status":"error","title":"Unauthorized","type":"https://moto-app.de/help/fehlermeldungen#anleitung-zugriff-pruefen"}
GET /api/iot/teachers/ -> 401 {"code":"general.permission","detail":"device API key is required","error":"device API key is required","instance":"8dc3a9ca-8ac7-4b8e-9bfa-3c17760d92c0","status":"error","title":"Unauthorized","type":"https://moto-app.de/help/fehlermeldungen#anleitung-zugriff-pruefen"}
PATCH /api/iot/*/{deviceId}/status -> 401 {"code":"general.permission","detail":"token unauthorized","error":"token unauthorized","instance":"8dc3a9ca-8ac7-4b8e-9bfa-3c17760d92c0","status":"error","title":"Unauthorized","type":"https://moto-app.de/help/fehlermeldungen#anleitung-zugriff-pruefen"}
POST /api/iot/*/ -> 401 {"code":"general.permission","detail":"token unauthorized","error":"token unauthorized","instance":"8dc3a9ca-8ac7-4b8e-9bfa-3c17760d92c0","status":"error","title":"Unauthorized","type":"https://moto-app.de/help/fehlermeldungen#anleitung-zugriff-pruefen"}
POST /api/iot/*/detect-new -> 401 {"code":"general.permission","detail":"token unauthorized","error":"token unauthorized","instance":"8dc3a9ca-8ac7-4b8e-9bfa-3c17760d92c0","status":"error","title":"Unauthorized","type":"https://moto-app.de/help/fehlermeldungen#anleitung-zugriff-pruefen"}
POST /api/iot/*/scan-network -> 401 {"code":"general.permission","detail":"token unauthorized","error":"token unauthorized","instance":"8dc3a9ca-8ac7-4b8e-9bfa-3c17760d92c0","status":"error","title":"Unauthorized","type":"https://moto-app.de/help/fehlermeldungen#anleitung-zugriff-pruefen"}
POST /api/iot/*/{deviceId}/ping -> 401 {"code":"general.permission","detail":"token unauthorized","error":"token unauthorized","instance":"8dc3a9ca-8ac7-4b8e-9bfa-3c17760d92c0","status":"error","title":"Unauthorized","type":"https://moto-app.de/help/fehlermeldungen#anleitung-zugriff-pruefen"}
POST /api/iot/attendance/toggle -> 401 {"code":"general.permission","detail":"device API key is required","error":"device API key is required","instance":"8dc3a9ca-8ac7-4b8e-9bfa-3c17760d92c0","status":"error","title":"Unauthorized","type":"https://moto-app.de/help/fehlermeldungen#anleitung-zugriff-pruefen"}
POST /api/iot/checkin -> 401 {"code":"general.permission","detail":"device API key is required","error":"device API key is required","instance":"8dc3a9ca-8ac7-4b8e-9bfa-3c17760d92c0","status":"error","title":"Unauthorized","type":"https://moto-app.de/help/fehlermeldungen#anleitung-zugriff-pruefen"}
POST /api/iot/error-reports -> 401 {"code":"general.permission","detail":"device API key is required","error":"device API key is required","instance":"8dc3a9ca-8ac7-4b8e-9bfa-3c17760d92c0","status":"error","title":"Unauthorized","type":"https://moto-app.de/help/fehlermeldungen#anleitung-zugriff-pruefen"}
POST /api/iot/feedback -> 401 {"code":"general.permission","detail":"device API key is required","error":"device API key is required","instance":"8dc3a9ca-8ac7-4b8e-9bfa-3c17760d92c0","status":"error","title":"Unauthorized","type":"https://moto-app.de/help/fehlermeldungen#anleitung-zugriff-pruefen"}
POST /api/iot/move-to-room -> 401 {"code":"general.permission","detail":"device API key is required","error":"device API key is required","instance":"8dc3a9ca-8ac7-4b8e-9bfa-3c17760d92c0","status":"error","title":"Unauthorized","type":"https://moto-app.de/help/fehlermeldungen#anleitung-zugriff-pruefen"}
POST /api/iot/pickup-query -> 401 {"code":"general.permission","detail":"device API key is required","error":"device API key is required","instance":"8dc3a9ca-8ac7-4b8e-9bfa-3c17760d92c0","status":"error","title":"Unauthorized","type":"https://moto-app.de/help/fehlermeldungen#anleitung-zugriff-pruefen"}
POST /api/iot/ping -> 401 {"code":"general.permission","detail":"device API key is required","error":"device API key is required","instance":"8dc3a9ca-8ac7-4b8e-9bfa-3c17760d92c0","status":"error","title":"Unauthorized","type":"https://moto-app.de/help/fehlermeldungen#anleitung-zugriff-pruefen"}
POST /api/iot/session/activity -> 401 {"code":"general.permission","detail":"device API key is required","error":"device API key is required","instance":"8dc3a9ca-8ac7-4b8e-9bfa-3c17760d92c0","status":"error","title":"Unauthorized","type":"https://moto-app.de/help/fehlermeldungen#anleitung-zugriff-pruefen"}
POST /api/iot/session/check-conflict -> 401 {"code":"general.permission","detail":"device API key is required","error":"device API key is required","instance":"8dc3a9ca-8ac7-4b8e-9bfa-3c17760d92c0","status":"error","title":"Unauthorized","type":"https://moto-app.de/help/fehlermeldungen#anleitung-zugriff-pruefen"}
POST /api/iot/session/end -> 401 {"code":"general.permission","detail":"device API key is required","error":"device API key is required","instance":"8dc3a9ca-8ac7-4b8e-9bfa-3c17760d92c0","status":"error","title":"Unauthorized","type":"https://moto-app.de/help/fehlermeldungen#anleitung-zugriff-pruefen"}
POST /api/iot/session/start -> 401 {"code":"general.permission","detail":"device API key is required","error":"device API key is required","instance":"8dc3a9ca-8ac7-4b8e-9bfa-3c17760d92c0","status":"error","title":"Unauthorized","type":"https://moto-app.de/help/fehlermeldungen#anleitung-zugriff-pruefen"}
POST /api/iot/session/timeout -> 401 {"code":"general.permission","detail":"device API key is required","error":"device API key is required","instance":"8dc3a9ca-8ac7-4b8e-9bfa-3c17760d92c0","status":"error","title":"Unauthorized","type":"https://moto-app.de/help/fehlermeldungen#anleitung-zugriff-pruefen"}
POST /api/iot/session/validate-timeout -> 401 {"code":"general.permission","detail":"device API key is required","error":"device API key is required","instance":"8dc3a9ca-8ac7-4b8e-9bfa-3c17760d92c0","status":"error","title":"Unauthorized","type":"https://moto-app.de/help/fehlermeldungen#anleitung-zugriff-pruefen"}
POST /api/iot/staff-clock -> 401 {"code":"general.permission","detail":"device API key is required","error":"device API key is required","instance":"8dc3a9ca-8ac7-4b8e-9bfa-3c17760d92c0","status":"error","title":"Unauthorized","type":"https://moto-app.de/help/fehlermeldungen#anleitung-zugriff-pruefen"}
POST /api/iot/staff-clock/state -> 401 {"code":"general.permission","detail":"device API key is required","error":"device API key is required","instance":"8dc3a9ca-8ac7-4b8e-9bfa-3c17760d92c0","status":"error","title":"Unauthorized","type":"https://moto-app.de/help/fehlermeldungen#anleitung-zugriff-pruefen"}
POST /api/iot/staff/{staffId}/rfid -> 401 {"code":"general.permission","detail":"device API key is required","error":"device API key is required","instance":"8dc3a9ca-8ac7-4b8e-9bfa-3c17760d92c0","status":"error","title":"Unauthorized","type":"https://moto-app.de/help/fehlermeldungen#anleitung-zugriff-pruefen"}
PUT /api/iot/*/{id} -> 401 {"code":"general.permission","detail":"token unauthorized","error":"token unauthorized","instance":"8dc3a9ca-8ac7-4b8e-9bfa-3c17760d92c0","status":"error","title":"Unauthorized","type":"https://moto-app.de/help/fehlermeldungen#anleitung-zugriff-pruefen"}
PUT /api/iot/session/{sessionId}/supervisors -> 401 {"code":"general.permission","detail":"device API key is required","error":"device API key is required","instance":"8dc3a9ca-8ac7-4b8e-9bfa-3c17760d92c0","status":"error","title":"Unauthorized","type":"https://moto-app.de/help/fehlermeldungen#anleitung-zugriff-pruefen"}
