CONNECT /internal/metrics
DELETE /api/active/combined/{id}
DELETE /api/active/groups/{id}
DELETE /api/active/supervisors/{id}
DELETE /api/active/visits/{id}
DELETE /api/activities/{id}
DELETE /api/activities/{id}/schedules/{scheduleId}
DELETE /api/activities/{id}/students/{studentId}
DELETE /api/activities/{id}/supervisors/{supervisorId}
DELETE /api/admin/grade-transitions/{id}/
DELETE /api/calendar/appointments/{appointmentId}
DELETE /api/display/{id}/
DELETE /api/enrollment/admin/requests/{id}/
DELETE /api/enrollment/admin/requests/{id}/children/{childId}
DELETE /api/enrollment/care-offerings/{id}/
DELETE /api/enrollment/legal-documents/{filename}
DELETE /api/enrollment/phases/{id}/
DELETE /api/enrollment/schema/{id}
DELETE /api/feedback/{id}
DELETE /api/groups/{id}
DELETE /api/groups/{id}/transfer/{substitutionId}
DELETE /api/guardians/students/{studentId}/guardians/{guardianId}
DELETE /api/guardians/{id}
DELETE /api/guardians/{id}/phone-numbers/{phoneId}
DELETE /api/iot/*/{id}
DELETE /api/iot/staff/{staffId}/rfid
DELETE /api/me/profile/avatar
DELETE /api/meal-plan/{date}
DELETE /api/parent-announcements/{announcementId}
DELETE /api/rooms/{id}
DELETE /api/schedules/dateframes/{id}
DELETE /api/schedules/recurrence-rules/{id}
DELETE /api/schedules/timeframes/{id}
DELETE /api/settings/enrollment/legal-agb-document
DELETE /api/settings/login-image
DELETE /api/settings/values/{key}
DELETE /api/shift-types/{id}
DELETE /api/staff-shifts/series/{id}
DELETE /api/staff-shifts/{id}
DELETE /api/staff/{id}
DELETE /api/staff/{id}/absences/{absenceId}
DELETE /api/staff/{id}/time-tracking/adjustments/{adjustmentId}
DELETE /api/students/{id}
DELETE /api/students/{id}/arrival-exceptions/{exceptionId}
DELETE /api/students/{id}/arrival-notes/{noteId}
DELETE /api/students/{id}/photo
DELETE /api/students/{id}/pickup-exceptions/{exceptionId}
DELETE /api/students/{id}/pickup-notes/{noteId}
DELETE /api/students/{id}/rfid
DELETE /api/students/{id}/status-days/{statusDayId}
DELETE /api/substitutions/{id}
DELETE /api/suggestions/{id}
DELETE /api/suggestions/{id}/comments/{commentId}
DELETE /api/suggestions/{id}/vote
DELETE /api/time-tracking/absences/{id}
DELETE /api/timetable/closing-days/{id}
DELETE /api/timetable/instances/{id}
DELETE /api/timetable/periods/{id}
DELETE /api/timetable/templates/{id}
DELETE /api/users/{id}
DELETE /api/work-time-models/{id}
DELETE /auth/accounts/{accountId}/caregiver-capability
DELETE /auth/accounts/{accountId}/mfa/
DELETE /auth/accounts/{accountId}/permissions/{permissionId}
DELETE /auth/accounts/{accountId}/roles/{roleId}
DELETE /auth/accounts/{accountId}/tokens/
DELETE /auth/invitations/{id}/
DELETE /auth/mfa/trusted-devices/{deviceId}
DELETE /auth/passkeys/{passkeyId}
DELETE /auth/permissions/{id}/
DELETE /auth/roles/{id}/
DELETE /auth/roles/{roleId}/permissions/{permissionId}
DELETE /auth/tokens/expired
DELETE /internal/metrics
DELETE /operator/announcements/{id}
DELETE /operator/auth/mfa/trusted-devices/{deviceId}
DELETE /operator/auth/passkeys/{passkeyId}
DELETE /operator/devices/{id}
DELETE /operator/invitations/{id}
DELETE /operator/organizations/{id}
DELETE /operator/persons/{id}
DELETE /operator/schools/{id}
DELETE /operator/schools/{id}/accounts/{accountId}/caregiver-capability/
DELETE /operator/schools/{id}/accounts/{accountId}/mfa/
DELETE /operator/schools/{id}/settings/values/{key}
DELETE /operator/suggestions/{id}
DELETE /operator/suggestions/{id}/comments/{commentId}
DELETE /parent/me/children/{studentId}/care-exception
DELETE /parent/me/children/{studentId}/excused-requests/{requestId}
DELETE /parent/me/children/{studentId}/related-accounts/{guardianProfileId}
GET /
GET /api/active/analytics/dashboard
GET /api/active/combined/
GET /api/active/combined/active
GET /api/active/combined/{id}
GET /api/active/combined/{id}/groups
GET /api/active/cross-tenant-students
GET /api/active/groups/
GET /api/active/groups/group/{groupId}
GET /api/active/groups/room/{roomId}
GET /api/active/groups/unclaimed
GET /api/active/groups/{id}
GET /api/active/groups/{id}/supervisors
GET /api/active/groups/{id}/visits
GET /api/active/groups/{id}/visits/display
GET /api/active/mappings/combined/{combinedId}
GET /api/active/mappings/group/{groupId}
GET /api/active/schulhof/status
GET /api/active/supervisors/
GET /api/active/supervisors/all
GET /api/active/supervisors/group/{groupId}
GET /api/active/supervisors/staff/{staffId}
GET /api/active/supervisors/staff/{staffId}/active
GET /api/active/supervisors/{id}
GET /api/active/visits/
GET /api/active/visits/group/{groupId}
GET /api/active/visits/student/{studentId}
GET /api/active/visits/student/{studentId}/current
GET /api/active/visits/{id}
GET /api/activities/
GET /api/activities/categories
GET /api/activities/schedules/available
GET /api/activities/students/{studentId}
GET /api/activities/students/{studentId}/available
GET /api/activities/supervisors/available
GET /api/activities/timespans
GET /api/activities/{id}
GET /api/activities/{id}/schedules
GET /api/activities/{id}/schedules/{scheduleId}
GET /api/activities/{id}/students
GET /api/activities/{id}/supervisors
GET /api/admin/grade-transitions/
GET /api/admin/grade-transitions/classes
GET /api/admin/grade-transitions/suggest
GET /api/admin/grade-transitions/{id}/
GET /api/admin/grade-transitions/{id}/history
GET /api/admin/grade-transitions/{id}/preview
GET /api/calendar/appointments/{appointmentId}
GET /api/calendar/appointments/{appointmentId}/ics
GET /api/calendar/appointments/{appointmentId}/overview
GET /api/calendar/my
GET /api/calendar/recipient-options
GET /api/database/stats
GET /api/display/
GET /api/display/dashboard
GET /api/enrollment/admin/change-requests/
GET /api/enrollment/admin/change-requests/{id}/
GET /api/enrollment/admin/reports/care-usage
GET /api/enrollment/admin/requests/
GET /api/enrollment/admin/requests/{id}/
GET /api/enrollment/admin/requests/{id}/children/{childId}/delete-impact
GET /api/enrollment/admin/requests/{id}/children/{childId}/offering-adjustments
GET /api/enrollment/admin/requests/{id}/delete-impact
GET /api/enrollment/admin/students/{studentId}/requests/
GET /api/enrollment/captcha-config/{tenantSlug}
GET /api/enrollment/care-offerings/
GET /api/enrollment/care-offerings/public/{tenantSlug}/{phaseId}
GET /api/enrollment/care-offerings/{id}/
GET /api/enrollment/form-bootstrap/public/{tenantSlug}/{phaseId}
GET /api/enrollment/legal/{tenantSlug}
GET /api/enrollment/legal/{tenantSlug}/{phaseId}
GET /api/enrollment/me/profile
GET /api/enrollment/phases/
GET /api/enrollment/phases/public/{tenantSlug}
GET /api/enrollment/phases/{id}/
GET /api/enrollment/phases/{id}/delete-impact
GET /api/enrollment/phases/{id}/manual-bootstrap
GET /api/enrollment/phases/{id}/review
GET /api/enrollment/requests/{statusToken}
GET /api/enrollment/requests/{statusToken}/change-requests
GET /api/enrollment/requests/{statusToken}/edit-bootstrap
GET /api/enrollment/schema/
GET /api/enrollment/schema/preview
GET /api/enrollment/schema/public/{tenantSlug}/{phaseId}
GET /api/enrollment/schema/versions
GET /api/enrollment/schema/{id}
GET /api/feedback/
GET /api/feedback/date-range
GET /api/feedback/date/{date}
GET /api/feedback/mensa
GET /api/feedback/student/{id}
GET /api/feedback/{id}
GET /api/groups/
GET /api/groups/{id}
GET /api/groups/{id}/students
GET /api/groups/{id}/students/room-status
GET /api/groups/{id}/substitutions
GET /api/groups/{id}/supervisors
GET /api/guardians/
GET /api/guardians/invitable
GET /api/guardians/invitations/pending
GET /api/guardians/invitations/pending-approval
GET /api/guardians/invitations/{invitationId}/delivery
GET /api/guardians/search
GET /api/guardians/students/{studentId}/guardians
GET /api/guardians/without-account
GET /api/guardians/{id}
GET /api/guardians/{id}/delete-preview
GET /api/guardians/{id}/phone-numbers/
GET /api/guardians/{id}/students
GET /api/import/students/template
GET /api/import/teachers/template
GET /api/iot/*/
GET /api/iot/*/active
GET /api/iot/*/device/{deviceId}
GET /api/iot/*/maintenance
GET /api/iot/*/offline
GET /api/iot/*/registered-by/{personId}
GET /api/iot/*/statistics
GET /api/iot/*/status/{status}
GET /api/iot/*/type/{type}
GET /api/iot/*/{id}
GET /api/iot/activities
GET /api/iot/attendance/status/{rfid}
GET /api/iot/config
GET /api/iot/rfid/{tagId}
GET /api/iot/rooms/available
GET /api/iot/school-name
GET /api/iot/session/current
GET /api/iot/session/timeout-info
GET /api/iot/status
GET /api/iot/students
GET /api/iot/teachers/
GET /api/me/
GET /api/me/groups/
GET /api/me/groups/active
GET /api/me/groups/activity
GET /api/me/groups/supervised
GET /api/me/groups/{groupID}/students
GET /api/me/groups/{groupID}/visits
GET /api/me/profile
GET /api/me/profile/avatar/{filename}
GET /api/me/staff
GET /api/me/teacher
GET /api/meal-plan/
GET /api/messages/
GET /api/messages/students/{studentId}/guardians
GET /api/messages/students/{studentId}/threads
GET /api/messages/threads/{threadId}
GET /api/messages/unread-count
GET /api/parent-announcements/
GET /api/parent-announcements/{announcementId}
GET /api/parent-announcements/{announcementId}/recipients
GET /api/parent-announcements/{announcementId}/stats
GET /api/platform/announcements/unread
GET /api/platform/announcements/unread/count
GET /api/reminders/
GET /api/rooms/
GET /api/rooms/available
GET /api/rooms/buildings
GET /api/rooms/by-category
GET /api/rooms/categories
GET /api/rooms/{id}
GET /api/rooms/{id}/history
GET /api/schedules/current-dateframe
GET /api/schedules/dateframes/
GET /api/schedules/dateframes/by-date
GET /api/schedules/dateframes/overlapping
GET /api/schedules/dateframes/{id}
GET /api/schedules/recurrence-rules/
GET /api/schedules/recurrence-rules/by-frequency
GET /api/schedules/recurrence-rules/by-weekday
GET /api/schedules/recurrence-rules/{id}
GET /api/schedules/timeframes/
GET /api/schedules/timeframes/active
GET /api/schedules/timeframes/by-range
GET /api/schedules/timeframes/{id}
GET /api/settings/login-image
GET /api/settings/schema
GET /api/settings/values/{key}/reveal
GET /api/shift-types/
GET /api/sse/events
GET /api/staff-shifts/
GET /api/staff-shifts/overview
GET /api/staff/
GET /api/staff/absences/pending
GET /api/staff/available
GET /api/staff/available-for-substitution
GET /api/staff/by-role
GET /api/staff/dashboard-summary
GET /api/staff/pin
GET /api/staff/time-tracking/month-close
GET /api/staff/time-tracking/overview
GET /api/staff/{id}
GET /api/staff/{id}/absences
GET /api/staff/{id}/avatar
GET /api/staff/{id}/groups
GET /api/staff/{id}/schedule
GET /api/staff/{id}/substitutions
GET /api/staff/{id}/time-tracking/adjustments
GET /api/staff/{id}/time-tracking/export
GET /api/staff/{id}/time-tracking/history
GET /api/staff/{id}/time-tracking/month-summary
GET /api/staff/{id}/time-tracking/schedule-targets
GET /api/staff/{id}/time-tracking/sessions/{sessionId}/edits
GET /api/staff/{id}/vacation/quota
GET /api/students/
GET /api/students/care-schedule-change-requests
GET /api/students/change-requests/pending-count
GET /api/students/excused-absence-requests
GET /api/students/master-data-change-requests
GET /api/students/school-classes
GET /api/students/{id}
GET /api/students/{id}/arrival-schedules
GET /api/students/{id}/attendance-history
GET /api/students/{id}/attendance-history/export
GET /api/students/{id}/companions
GET /api/students/{id}/current-location
GET /api/students/{id}/current-visit
GET /api/students/{id}/enrollment-extra-fields
GET /api/students/{id}/in-group-room
GET /api/students/{id}/photo/{filename}
GET /api/students/{id}/pickup-schedules
GET /api/students/{id}/privacy-consent
GET /api/students/{id}/status-days
GET /api/students/{id}/visit-history
GET /api/substitutions/
GET /api/substitutions/active
GET /api/substitutions/{id}
GET /api/suggestions/
GET /api/suggestions/unread-count
GET /api/suggestions/{id}
GET /api/suggestions/{id}/comments/
GET /api/time-tracking/absences
GET /api/time-tracking/assignments
GET /api/time-tracking/breaks/{sessionId}
GET /api/time-tracking/closing-days
GET /api/time-tracking/config
GET /api/time-tracking/current
GET /api/time-tracking/export
GET /api/time-tracking/history
GET /api/time-tracking/holidays
GET /api/time-tracking/month-summary
GET /api/time-tracking/presence-map
GET /api/time-tracking/schedule-targets
GET /api/time-tracking/shifts
GET /api/time-tracking/vacation/quota
GET /api/time-tracking/{id}/edits
GET /api/timetable/closing-days/
GET /api/timetable/conflicts
GET /api/timetable/deviations/history
GET /api/timetable/exception-conflicts
GET /api/timetable/gaps
GET /api/timetable/instances/
GET /api/timetable/instances/edited-in-window
GET /api/timetable/instances/{id}/staff-pool
GET /api/timetable/operations/active-groups/{id}/roster
GET /api/timetable/operations/capabilities
GET /api/timetable/operations/instances/{id}/roster
GET /api/timetable/operations/planned-now
GET /api/timetable/periods/
GET /api/timetable/periods/{id}
GET /api/timetable/student/{id}/day
GET /api/timetable/student/{id}/week
GET /api/timetable/templates
GET /api/timetable/templates/{id}
GET /api/users/
GET /api/users/{id}
GET /api/work-time-models/
GET /api/work-time-models/{id}
GET /auth/account
GET /auth/account/tenants
GET /auth/accounts/
GET /auth/accounts/by-role/{roleName}
GET /auth/accounts/{accountId}/caregiver-capability
GET /auth/accounts/{accountId}/mfa/
GET /auth/accounts/{accountId}/permissions/
GET /auth/accounts/{accountId}/permissions/direct
GET /auth/accounts/{accountId}/roles/
GET /auth/accounts/{accountId}/tokens/
GET /auth/guardian-invitations/{token}
GET /auth/invitations/
GET /auth/invitations/{token}
GET /auth/mfa/trusted-devices
GET /auth/parent-accounts/
GET /auth/parent-accounts/{id}/
GET /auth/passkeys/
GET /auth/permissions/
GET /auth/permissions/{id}/
GET /auth/roles/
GET /auth/roles/{id}/
GET /auth/roles/{id}/permissions
GET /auth/roles/{roleId}/permissions/
GET /auth/tenant/resolve
GET /auth/tenants
GET /health
GET /internal/metrics
GET /operator/accounts
GET /operator/accounts/{accountId}/mfa/global-override
GET /operator/announcements/
GET /operator/announcements/{id}
GET /operator/announcements/{id}/stats
GET /operator/announcements/{id}/views
GET /operator/auth/mfa/trusted-devices
GET /operator/auth/passkeys
GET /operator/auth/passkeys/
GET /operator/devices/
GET /operator/invitations/
GET /operator/organizations/
GET /operator/organizations/summaries
GET /operator/organizations/{id}/accounts
GET /operator/organizations/{id}/devices
GET /operator/organizations/{id}/persons
GET /operator/organizations/{id}/schools
GET /operator/profile/
GET /operator/roles
GET /operator/schools/
GET /operator/schools/summaries
GET /operator/schools/{id}/accounts
GET /operator/schools/{id}/accounts/{accountId}/caregiver-capability/
GET /operator/schools/{id}/accounts/{accountId}/mfa/
GET /operator/schools/{id}/devices
GET /operator/schools/{id}/persons
GET /operator/schools/{id}/settings/schema
GET /operator/schools/{id}/settings/values/{key}/reveal
GET /operator/stats
GET /operator/suggestions/
GET /operator/suggestions/unread-count
GET /operator/suggestions/unviewed-count
GET /operator/suggestions/{id}
GET /operator/unregistered-tag-scans/
GET /parent-sse/events
GET /parent/enrollments/{tenantSlug}/profile
GET /parent/me/calendar
GET /parent/me/calendar/appointments/{appointmentId}/ics
GET /parent/me/calendar/appointments/{appointmentId}/overview
GET /parent/me/calendar/feed
GET /parent/me/children
GET /parent/me/children/{studentId}/care-exception
GET /parent/me/children/{studentId}/care-schedule
GET /parent/me/children/{studentId}/excused-requests
GET /parent/me/children/{studentId}/features
GET /parent/me/children/{studentId}/guardians
GET /parent/me/children/{studentId}/master-data
GET /parent/me/children/{studentId}/master-data/requests
GET /parent/me/children/{studentId}/meal-plan
GET /parent/me/children/{studentId}/related-accounts
GET /parent/me/children/{studentId}/sick-note
GET /parent/me/enrollable-schools
GET /parent/me/enrollments
GET /parent/me/messages
GET /parent/me/messages/children/{studentId}
GET /parent/me/messages/children/{studentId}/threads
GET /parent/me/messages/unread-count
GET /parent/me/news
GET /parent/me/news/unread-count
GET /parent/me/profile
GET /public/calendar/{token}
GET /public/enrollment-form-legal-documents/{filename}
GET /public/enrollment-legal-documents/{filename}
GET /public/login-image/{filename}
HEAD /internal/metrics
OPTIONS /internal/metrics
PATCH /api/display/{id}/
PATCH /api/enrollment/requests/{statusToken}
PATCH /api/enrollment/schema/{id}
PATCH /api/iot/*/{deviceId}/status
PATCH /api/timetable/instances/{instance_id}/students/{student_id}
PATCH /api/timetable/operations/instances/{id}/students/{student_id}/attendance
PATCH /internal/metrics
PATCH /parent/me/children/{studentId}/master-data/{target}/{field}
POST /api/active/combined/
POST /api/active/combined/{id}/end
POST /api/active/groups/
POST /api/active/groups/{id}/claim
POST /api/active/groups/{id}/end
POST /api/active/mappings/add
POST /api/active/mappings/remove
POST /api/active/schulhof/supervise
POST /api/active/supervisors/
POST /api/active/supervisors/{id}/end
POST /api/active/tracking-indicators
POST /api/active/visits/
POST /api/active/visits/move-to-group
POST /api/active/visits/move-to-transit
POST /api/active/visits/student/{studentId}/checkin
POST /api/active/visits/student/{studentId}/checkout
POST /api/active/visits/transit/assign
POST /api/active/visits/{id}/end
POST /api/activities/
POST /api/activities/quick-create
POST /api/activities/{id}/schedules
POST /api/activities/{id}/students/{studentId}
POST /api/activities/{id}/supervisors
POST /api/admin/grade-transitions/
POST /api/admin/grade-transitions/{id}/apply
POST /api/admin/grade-transitions/{id}/revert
POST /api/calendar/appointments
POST /api/calendar/appointments/{appointmentId}/cancel
POST /api/calendar/appointments/{appointmentId}/occurrences/{occurrenceDate}/cancel
POST /api/calendar/recipients/{recipientId}/response
POST /api/display/
POST /api/display/{id}/regenerate
POST /api/emergency/snapshot/export
POST /api/enrollment/admin/change-requests/{id}/approve
POST /api/enrollment/admin/change-requests/{id}/question
POST /api/enrollment/admin/change-requests/{id}/reject
POST /api/enrollment/admin/reports/care-usage/export
POST /api/enrollment/admin/reports/class-roster/export
POST /api/enrollment/admin/request-children/{id}/rollover-review
POST /api/enrollment/admin/requests/{id}/children/{childId}/decide
POST /api/enrollment/admin/students/{studentId}/requests/export
POST /api/enrollment/care-offerings/
POST /api/enrollment/care-offerings/{id}/clone
POST /api/enrollment/legal-documents
POST /api/enrollment/phases/
POST /api/enrollment/phases/{id}/export
POST /api/enrollment/phases/{id}/late-invites
POST /api/enrollment/phases/{id}/manual-approved-enrollments
POST /api/enrollment/phases/{id}/rollover
POST /api/enrollment/requests/{statusToken}/change-requests
POST /api/enrollment/requests/{statusToken}/change-requests/{changeRequestId}/messages
POST /api/enrollment/requests/{statusToken}/confirm-renewal
POST /api/enrollment/requests/{statusToken}/withdraw
POST /api/enrollment/schema/
POST /api/enrollment/{tenantSlug}/submit
POST /api/feedback/
POST /api/feedback/batch
POST /api/groups/
POST /api/groups/{id}/transfer/
POST /api/guardians/
POST /api/guardians/invitations/{invitationId}/approve
POST /api/guardians/invitations/{invitationId}/reject
POST /api/guardians/students/{studentId}/guardians
POST /api/guardians/students/{studentId}/guardians/batch
POST /api/guardians/students/{studentId}/invite
POST /api/guardians/{id}/invite
POST /api/guardians/{id}/phone-numbers/
POST /api/guardians/{id}/phone-numbers/{phoneId}/set-primary
POST /api/import/students/import
POST /api/import/students/preview
POST /api/import/teachers/import
POST /api/import/teachers/preview
POST /api/iot/*/
POST /api/iot/*/detect-new
POST /api/iot/*/scan-network
POST /api/iot/*/{deviceId}/ping
POST /api/iot/attendance/toggle
POST /api/iot/checkin
POST /api/iot/feedback
POST /api/iot/pickup-query
POST /api/iot/ping
POST /api/iot/session/activity
POST /api/iot/session/check-conflict
POST /api/iot/session/end
POST /api/iot/session/start
POST /api/iot/session/timeout
POST /api/iot/session/validate-timeout
POST /api/iot/staff-clock
POST /api/iot/staff-clock/state
POST /api/iot/staff/{staffId}/rfid
POST /api/me/profile/avatar
POST /api/messages/threads
POST /api/messages/threads/open
POST /api/messages/threads/{threadId}
POST /api/parent-announcements/
POST /api/parent-announcements/{announcementId}/publish
POST /api/parent-announcements/{announcementId}/unpublish
POST /api/platform/announcements/{id}/dismiss
POST /api/platform/announcements/{id}/seen
POST /api/rooms/
POST /api/rooms/export
POST /api/schedules/check-conflict
POST /api/schedules/dateframes/
POST /api/schedules/find-available-slots
POST /api/schedules/recurrence-rules/
POST /api/schedules/recurrence-rules/{id}/generate-events
POST /api/schedules/timeframes/
POST /api/settings/enrollment/legal-agb-document
POST /api/settings/login-image
POST /api/shift-types/
POST /api/shift-types/defaults
POST /api/staff-shifts/
POST /api/staff-shifts/series
POST /api/staff/
POST /api/staff/absences/{absenceId}/approve
POST /api/staff/absences/{absenceId}/deny
POST /api/staff/absences/{absenceId}/question
POST /api/staff/time-tracking/month-close
POST /api/staff/{id}/absences
POST /api/staff/{id}/time-tracking/adjustments
POST /api/staff/{id}/time-tracking/month-close/reopen
POST /api/staff/{id}/time-tracking/reset
POST /api/staff/{id}/time-tracking/sessions
POST /api/students/
POST /api/students/arrival-schedules/bulk
POST /api/students/arrival-times/bulk
POST /api/students/care-schedule-change-requests/{requestId}/decide
POST /api/students/excused-absence-requests/{requestId}/decide
POST /api/students/export
POST /api/students/master-data-change-requests/{requestId}/decide
POST /api/students/pickup-times/bulk
POST /api/students/status-days/bulk
POST /api/students/{id}/arrival-exceptions
POST /api/students/{id}/arrival-notes
POST /api/students/{id}/photo
POST /api/students/{id}/pickup-exceptions
POST /api/students/{id}/pickup-notes
POST /api/students/{id}/rfid
POST /api/students/{id}/school-checkin
POST /api/students/{id}/status-days
POST /api/substitutions/
POST /api/suggestions/
POST /api/suggestions/{id}/comments/
POST /api/suggestions/{id}/comments/read
POST /api/suggestions/{id}/vote
POST /api/time-tracking/absences
POST /api/time-tracking/absences/{id}/cancel
POST /api/time-tracking/absences/{id}/resubmit
POST /api/time-tracking/break/end
POST /api/time-tracking/break/start
POST /api/time-tracking/check-in
POST /api/time-tracking/check-out
POST /api/time-tracking/vacation/request
POST /api/timetable/closing-days/
POST /api/timetable/instances/
POST /api/timetable/instances/re-plan-week
POST /api/timetable/instances/{id}/acknowledge-understaffed
POST /api/timetable/instances/{id}/cancel
POST /api/timetable/instances/{id}/complete
POST /api/timetable/instances/{id}/deviations
POST /api/timetable/instances/{id}/move-staff
POST /api/timetable/instances/{id}/start
POST /api/timetable/lists/export
POST /api/timetable/lists/options
POST /api/timetable/lists/preview
POST /api/timetable/materialize
POST /api/timetable/operations/instances/{id}/complete
POST /api/timetable/operations/instances/{id}/start
POST /api/timetable/operations/instances/{id}/students/{student_id}/check-in
POST /api/timetable/operations/instances/{id}/students/{student_id}/check-out
POST /api/timetable/operations/spontaneous/start
POST /api/timetable/periods/
POST /api/timetable/periods/bootstrap
POST /api/timetable/shift-coverage
POST /api/timetable/templates
POST /api/timetable/templates/{id}/end
POST /api/timetable/templates/{id}/split
POST /api/users/
POST /api/work-time-models/
POST /auth/accounts/{accountId}/caregiver-capability
POST /auth/accounts/{accountId}/permissions/{permissionId}/deny
POST /auth/accounts/{accountId}/permissions/{permissionId}/grant
POST /auth/accounts/{accountId}/roles/{roleId}
POST /auth/guardian-invitations/{id}/resend
POST /auth/guardian-invitations/{token}/accept
POST /auth/invitations/
POST /auth/invitations/{id}/resend
POST /auth/invitations/{token}/accept
POST /auth/link-to-tenant
POST /auth/login
POST /auth/logout
POST /auth/mfa/enroll/confirm
POST /auth/mfa/enroll/start
POST /auth/mfa/resend
POST /auth/mfa/verify
POST /auth/parent-accounts/
POST /auth/passkeys/enrollment/challenge
POST /auth/passkeys/login/options
POST /auth/passkeys/login/verify
POST /auth/passkeys/register/options
POST /auth/passkeys/register/verify
POST /auth/password
POST /auth/password-reset
POST /auth/password-reset/confirm
POST /auth/permissions/
POST /auth/refresh
POST /auth/register
POST /auth/roles/
POST /auth/roles/{roleId}/permissions/{permissionId}
POST /auth/switch-tenant
POST /internal/metrics
POST /operator/announcements/
POST /operator/announcements/{id}/publish
POST /operator/auth/email-confirm
POST /operator/auth/invitations/accept
POST /operator/auth/invitations/validate
POST /operator/auth/login
POST /operator/auth/mfa/enroll/confirm
POST /operator/auth/mfa/enroll/start
POST /operator/auth/mfa/resend
POST /operator/auth/mfa/verify
POST /operator/auth/passkeys/enrollment/challenge
POST /operator/auth/passkeys/login/options
POST /operator/auth/passkeys/login/verify
POST /operator/auth/passkeys/register/options
POST /operator/auth/passkeys/register/verify
POST /operator/auth/refresh
POST /operator/devices/
POST /operator/devices/{id}/set-api-key
POST /operator/invitations/
POST /operator/invitations/{id}/resend
POST /operator/organizations/
POST /operator/organizations/{id}/restore
POST /operator/profile/email-change
POST /operator/profile/password
POST /operator/schools/
POST /operator/schools/{id}/accounts/{accountId}/caregiver-capability/
POST /operator/schools/{id}/create-account
POST /operator/schools/{id}/invite-admin
POST /operator/schools/{id}/restore
POST /operator/suggestions/{id}/comments
POST /operator/suggestions/{id}/comments/read
POST /operator/suggestions/{id}/view
POST /operator/unregistered-tag-scans/{id}/resolve
POST /parent/auth/login
POST /parent/auth/password-reset
POST /parent/auth/password-reset/confirm
POST /parent/enrollments/{tenantSlug}/submit
POST /parent/me/calendar/feed/rotate
POST /parent/me/calendar/recipients/{recipientId}/response
POST /parent/me/children/{studentId}/care-exception
POST /parent/me/children/{studentId}/care-schedule/requests
POST /parent/me/children/{studentId}/care-schedule/requests/{requestId}/withdraw
POST /parent/me/children/{studentId}/master-data/requests
POST /parent/me/children/{studentId}/related-accounts
POST /parent/me/children/{studentId}/sick-note
POST /parent/me/messages/children/{studentId}
POST /parent/me/news/{announcementId}/acknowledge
POST /parent/me/news/{announcementId}/read
POST /webhooks/email/delivery/{provider}
PUT /api/active/combined/{id}
PUT /api/active/groups/{id}
PUT /api/active/supervisors/{id}
PUT /api/active/visits/{id}
PUT /api/activities/{id}
PUT /api/activities/{id}/schedules/{scheduleId}
PUT /api/activities/{id}/students
PUT /api/activities/{id}/supervisors/{supervisorId}
PUT /api/admin/grade-transitions/{id}/
PUT /api/calendar/appointments/{appointmentId}
PUT /api/enrollment/admin/requests/{id}/children/{childId}/data-correction
PUT /api/enrollment/admin/requests/{id}/children/{childId}/offerings
PUT /api/enrollment/care-offerings/{id}/
PUT /api/enrollment/phases/{id}/
PUT /api/enrollment/requests/{statusToken}
PUT /api/enrollment/schema/{id}
PUT /api/groups/{id}
PUT /api/guardians/relationships/{relationshipId}
PUT /api/guardians/{id}
PUT /api/guardians/{id}/phone-numbers/{phoneId}
PUT /api/iot/*/{id}
PUT /api/iot/session/{sessionId}/supervisors
PUT /api/me/profile
PUT /api/meal-plan/{date}
PUT /api/parent-announcements/{announcementId}
PUT /api/rooms/{id}
PUT /api/schedules/dateframes/{id}
PUT /api/schedules/recurrence-rules/{id}
PUT /api/schedules/timeframes/{id}
PUT /api/settings/values/{key}
PUT /api/shift-types/{id}
PUT /api/staff-shifts/series/{id}/split
PUT /api/staff-shifts/{id}
PUT /api/staff-shifts/{id}/cancellation
PUT /api/staff-shifts/{id}/move
PUT /api/staff/pin
PUT /api/staff/{id}
PUT /api/staff/{id}/schedule
PUT /api/staff/{id}/time-tracking/sessions/{sessionId}
PUT /api/staff/{id}/vacation/quota
PUT /api/students/{id}
PUT /api/students/{id}/arrival-exceptions/{exceptionId}
PUT /api/students/{id}/arrival-notes/{noteId}
PUT /api/students/{id}/arrival-schedules
PUT /api/students/{id}/pickup-exceptions/{exceptionId}
PUT /api/students/{id}/pickup-notes/{noteId}
PUT /api/students/{id}/pickup-schedules
PUT /api/students/{id}/privacy-consent
PUT /api/substitutions/{id}
PUT /api/suggestions/{id}
PUT /api/time-tracking/absences/{id}
PUT /api/time-tracking/{id}
PUT /api/timetable/closing-days/{id}
PUT /api/timetable/instances/{id}
PUT /api/timetable/periods/{id}
PUT /api/timetable/templates/{id}
PUT /api/users/{id}
PUT /api/work-time-models/{id}
PUT /auth/accounts/{accountId}/
PUT /auth/accounts/{accountId}/activate
PUT /auth/accounts/{accountId}/deactivate
PUT /auth/accounts/{accountId}/mfa/override
PUT /auth/parent-accounts/{id}/
PUT /auth/parent-accounts/{id}/activate
PUT /auth/parent-accounts/{id}/deactivate
PUT /auth/permissions/{id}/
PUT /auth/roles/{id}/
PUT /internal/metrics
PUT /operator/accounts/{accountId}/mfa/global-override
PUT /operator/announcements/{id}
PUT /operator/organizations/{id}
PUT /operator/profile/
PUT /operator/schools/{id}
PUT /operator/schools/{id}/accounts/{accountId}/mfa/override
PUT /operator/schools/{id}/settings/values/{key}
PUT /operator/suggestions/{id}/hidden
PUT /operator/suggestions/{id}/status
PUT /parent/me/children/{studentId}/guardians/{guardianProfileId}/contact
PUT /parent/me/children/{studentId}/guardians/{guardianProfileId}/pickup
PUT /parent/me/profile
QUERY /internal/metrics
TRACE /internal/metrics
