{
  "id": 9007199254740993,
  "tenant_id": 42,
  "created_at": "0001-01-01T00:00:00Z",
  "updated_at": "0001-01-01T00:00:00Z",
  "request_id": 17,
  "first_name": "Lina",
  "last_name": "Beispiel",
  "date_of_birth": "2018-04-15",
  "custom_data": {"answer": "yes", "count": 3},
  "status": "submitted",
  "activation_mode": "scheduled",
  "activate_on": "2027-09-01",
  "sort_order": 0
}
